// Jest Snapshot v1, https://goo.gl/fbAQLP

exports[`<App /> loading state renders correctly 1`] = `ReactWrapper {}`;
